[2026-04-23T16:24:07.511+0000] {local_task_job_runner.py:120} INFO - ::group::Pre task execution logs
[2026-04-23T16:24:07.521+0000] {taskinstance.py:2073} INFO - Dependencies all met for dep_context=non-requeueable deps ti=<TaskInstance: sales_pipeline.generate_report manual__2026-04-23T16:23:02+00:00 [queued]>
[2026-04-23T16:24:07.524+0000] {taskinstance.py:2073} INFO - Dependencies all met for dep_context=requeueable deps ti=<TaskInstance: sales_pipeline.generate_report manual__2026-04-23T16:23:02+00:00 [queued]>
[2026-04-23T16:24:07.524+0000] {taskinstance.py:2303} INFO - Starting attempt 2 of 2
[2026-04-23T16:24:07.527+0000] {taskinstance.py:2327} INFO - Executing <Task(PythonOperator): generate_report> on 2026-04-23 16:23:02+00:00
[2026-04-23T16:24:07.529+0000] {standard_task_runner.py:63} INFO - Started process 349 to run task
[2026-04-23T16:24:07.530+0000] {standard_task_runner.py:90} INFO - Running: ['***', 'tasks', 'run', 'sales_pipeline', 'generate_report', 'manual__2026-04-23T16:23:02+00:00', '--job-id', '27', '--raw', '--subdir', 'DAGS_FOLDER/sales_pipeline.py', '--cfg-path', '/tmp/tmpjiwllrfd']
[2026-04-23T16:24:07.531+0000] {standard_task_runner.py:91} INFO - Job 27: Subtask generate_report
[2026-04-23T16:24:07.547+0000] {task_command.py:426} INFO - Running <TaskInstance: sales_pipeline.generate_report manual__2026-04-23T16:23:02+00:00 [running]> on host 6849090685f8
[2026-04-23T16:24:07.575+0000] {taskinstance.py:2644} INFO - Exporting env vars: AIRFLOW_CTX_DAG_OWNER='eha-academy' AIRFLOW_CTX_DAG_ID='sales_pipeline' AIRFLOW_CTX_TASK_ID='generate_report' AIRFLOW_CTX_EXECUTION_DATE='2026-04-23T16:23:02+00:00' AIRFLOW_CTX_TRY_NUMBER='2' AIRFLOW_CTX_DAG_RUN_ID='manual__2026-04-23T16:23:02+00:00'
[2026-04-23T16:24:07.575+0000] {taskinstance.py:430} INFO - ::endgroup::
[2026-04-23T16:24:07.588+0000] {tasks.py:87} INFO - Report written: /opt/airflow/reports/sales_summary_2026-04-23.csv
[2026-04-23T16:24:07.588+0000] {python.py:237} INFO - Done. Returned value was: /opt/airflow/reports/sales_summary_2026-04-23.csv
[2026-04-23T16:24:07.588+0000] {taskinstance.py:441} INFO - ::group::Post task execution logs
[2026-04-23T16:24:07.591+0000] {xcom.py:677} ERROR - Object of type PosixPath is not JSON serializable. If you are using pickle instead of JSON for XCom, then you need to enable pickle support for XCom in your *** config or make sure to decorate your object with attr.
[2026-04-23T16:24:07.591+0000] {taskinstance.py:2890} ERROR - Task failed with exception
Traceback (most recent call last):
  File "/home/airflow/.local/lib/python3.11/site-packages/airflow/utils/json.py", line 91, in default
    return serialize(o)
           ^^^^^^^^^^^^
  File "/home/airflow/.local/lib/python3.11/site-packages/airflow/serialization/serde.py", line 189, in serialize
    raise TypeError(f"cannot serialize object of type {cls}")
TypeError: cannot serialize object of type <class 'pathlib.PosixPath'>

During handling of the above exception, another exception occurred:

Traceback (most recent call last):
  File "/home/airflow/.local/lib/python3.11/site-packages/airflow/models/taskinstance.py", line 486, in _execute_task
    task_instance.xcom_push(key=XCOM_RETURN_KEY, value=xcom_value, session=session)
  File "/home/airflow/.local/lib/python3.11/site-packages/airflow/utils/session.py", line 76, in wrapper
    return func(*args, **kwargs)
           ^^^^^^^^^^^^^^^^^^^^^
  File "/home/airflow/.local/lib/python3.11/site-packages/airflow/models/taskinstance.py", line 3182, in xcom_push
    XCom.set(
  File "/home/airflow/.local/lib/python3.11/site-packages/airflow/utils/session.py", line 76, in wrapper
    return func(*args, **kwargs)
           ^^^^^^^^^^^^^^^^^^^^^
  File "/home/airflow/.local/lib/python3.11/site-packages/airflow/models/xcom.py", line 247, in set
    value = cls.serialize_value(
            ^^^^^^^^^^^^^^^^^^^^
  File "/home/airflow/.local/lib/python3.11/site-packages/airflow/models/xcom.py", line 675, in serialize_value
    return json.dumps(value, cls=XComEncoder).encode("UTF-8")
           ^^^^^^^^^^^^^^^^^^^^^^^^^^^^^^^^^^
  File "/usr/local/lib/python3.11/json/__init__.py", line 238, in dumps
    **kw).encode(obj)
          ^^^^^^^^^^^
  File "/home/airflow/.local/lib/python3.11/site-packages/airflow/utils/json.py", line 104, in encode
    return super().encode(o)
           ^^^^^^^^^^^^^^^^^
  File "/usr/local/lib/python3.11/json/encoder.py", line 200, in encode
    chunks = self.iterencode(o, _one_shot=True)
             ^^^^^^^^^^^^^^^^^^^^^^^^^^^^^^^^^^
  File "/usr/local/lib/python3.11/json/encoder.py", line 258, in iterencode
    return _iterencode(o, 0)
           ^^^^^^^^^^^^^^^^^
  File "/home/airflow/.local/lib/python3.11/site-packages/airflow/utils/json.py", line 93, in default
    return super().default(o)
           ^^^^^^^^^^^^^^^^^^
  File "/usr/local/lib/python3.11/json/encoder.py", line 180, in default
    raise TypeError(f'Object of type {o.__class__.__name__} '
TypeError: Object of type PosixPath is not JSON serializable
[2026-04-23T16:24:07.595+0000] {taskinstance.py:1205} INFO - Marking task as FAILED. dag_id=sales_pipeline, task_id=generate_report, execution_date=20260423T162302, start_date=20260423T162407, end_date=20260423T162407
[2026-04-23T16:24:07.595+0000] {tasks.py:94} ERROR - ALERT: task generate_report (dag=sales_pipeline) failed on 2026-04-23
[2026-04-23T16:24:07.598+0000] {standard_task_runner.py:110} ERROR - Failed to execute job 27 for task generate_report (Object of type PosixPath is not JSON serializable; 349)
[2026-04-23T16:24:07.629+0000] {local_task_job_runner.py:240} INFO - Task exited with return code 1
[2026-04-23T16:24:07.636+0000] {taskinstance.py:3482} INFO - 0 downstream tasks scheduled from follow-on schedule check
[2026-04-23T16:24:07.636+0000] {local_task_job_runner.py:222} INFO - ::endgroup::
