[2026-04-23T17:07:25.796+0000] {local_task_job_runner.py:120} INFO - ::group::Pre task execution logs
[2026-04-23T17:07:25.806+0000] {taskinstance.py:2073} INFO - Dependencies all met for dep_context=non-requeueable deps ti=<TaskInstance: sales_pipeline.aggregate_gold manual__2026-04-23T17:07:23+00:00 [queued]>
[2026-04-23T17:07:25.809+0000] {taskinstance.py:2073} INFO - Dependencies all met for dep_context=requeueable deps ti=<TaskInstance: sales_pipeline.aggregate_gold manual__2026-04-23T17:07:23+00:00 [queued]>
[2026-04-23T17:07:25.809+0000] {taskinstance.py:2303} INFO - Starting attempt 1 of 2
[2026-04-23T17:07:25.813+0000] {taskinstance.py:2327} INFO - Executing <Task(PythonOperator): aggregate_gold> on 2026-04-23 17:07:23+00:00
[2026-04-23T17:07:25.816+0000] {standard_task_runner.py:63} INFO - Started process 2762 to run task
[2026-04-23T17:07:25.817+0000] {standard_task_runner.py:90} INFO - Running: ['***', 'tasks', 'run', 'sales_pipeline', 'aggregate_gold', 'manual__2026-04-23T17:07:23+00:00', '--job-id', '50', '--raw', '--subdir', 'DAGS_FOLDER/sales_pipeline.py', '--cfg-path', '/tmp/tmp3ayx58il']
[2026-04-23T17:07:25.818+0000] {standard_task_runner.py:91} INFO - Job 50: Subtask aggregate_gold
[2026-04-23T17:07:25.836+0000] {task_command.py:426} INFO - Running <TaskInstance: sales_pipeline.aggregate_gold manual__2026-04-23T17:07:23+00:00 [running]> on host 340256e2fc4b
[2026-04-23T17:07:25.866+0000] {taskinstance.py:2644} INFO - Exporting env vars: AIRFLOW_CTX_DAG_OWNER='eha-academy' AIRFLOW_CTX_DAG_ID='sales_pipeline' AIRFLOW_CTX_TASK_ID='aggregate_gold' AIRFLOW_CTX_EXECUTION_DATE='2026-04-23T17:07:23+00:00' AIRFLOW_CTX_TRY_NUMBER='1' AIRFLOW_CTX_DAG_RUN_ID='manual__2026-04-23T17:07:23+00:00'
[2026-04-23T17:07:25.866+0000] {taskinstance.py:430} INFO - ::endgroup::
[2026-04-23T17:07:25.877+0000] {tasks.py:139} INFO - Gold rebuilt: 5 region rows
[2026-04-23T17:07:25.877+0000] {tasks.py:141} INFO -   {'region': 'West', 'orders': 423, 'units_sold': 4524, 'revenue': Decimal('604371.64'), 'avg_order_value': Decimal('1428.77')}
[2026-04-23T17:07:25.877+0000] {tasks.py:141} INFO -   {'region': 'Central', 'orders': 423, 'units_sold': 4591, 'revenue': Decimal('591751.71'), 'avg_order_value': Decimal('1398.94')}
[2026-04-23T17:07:25.878+0000] {tasks.py:141} INFO -   {'region': 'North', 'orders': 423, 'units_sold': 4576, 'revenue': Decimal('581097.92'), 'avg_order_value': Decimal('1373.75')}
[2026-04-23T17:07:25.878+0000] {tasks.py:141} INFO -   {'region': 'East', 'orders': 429, 'units_sold': 4433, 'revenue': Decimal('579105.84'), 'avg_order_value': Decimal('1349.90')}
[2026-04-23T17:07:25.878+0000] {tasks.py:141} INFO -   {'region': 'South', 'orders': 378, 'units_sold': 4010, 'revenue': Decimal('513209.85'), 'avg_order_value': Decimal('1357.70')}
[2026-04-23T17:07:25.878+0000] {python.py:237} INFO - Done. Returned value was: None
[2026-04-23T17:07:25.878+0000] {taskinstance.py:441} INFO - ::group::Post task execution logs
[2026-04-23T17:07:25.881+0000] {taskinstance.py:1205} INFO - Marking task as SUCCESS. dag_id=sales_pipeline, task_id=aggregate_gold, execution_date=20260423T170723, start_date=20260423T170725, end_date=20260423T170725
[2026-04-23T17:07:25.915+0000] {local_task_job_runner.py:240} INFO - Task exited with return code 0
[2026-04-23T17:07:25.923+0000] {taskinstance.py:3482} INFO - 1 downstream tasks scheduled from follow-on schedule check
[2026-04-23T17:07:25.924+0000] {local_task_job_runner.py:222} INFO - ::endgroup::
