[2026-04-23T15:34:52.876+0000] {local_task_job_runner.py:120} INFO - ::group::Pre task execution logs
[2026-04-23T15:34:52.887+0000] {taskinstance.py:2073} INFO - Dependencies all met for dep_context=non-requeueable deps ti=<TaskInstance: sales_pipeline.ingest_bronze scheduled__2026-04-22T08:00:00+00:00 [queued]>
[2026-04-23T15:34:52.890+0000] {taskinstance.py:2073} INFO - Dependencies all met for dep_context=requeueable deps ti=<TaskInstance: sales_pipeline.ingest_bronze scheduled__2026-04-22T08:00:00+00:00 [queued]>
[2026-04-23T15:34:52.890+0000] {taskinstance.py:2303} INFO - Starting attempt 1 of 2
[2026-04-23T15:34:52.894+0000] {taskinstance.py:2327} INFO - Executing <Task(PythonOperator): ingest_bronze> on 2026-04-22 08:00:00+00:00
[2026-04-23T15:34:52.895+0000] {standard_task_runner.py:63} INFO - Started process 227 to run task
[2026-04-23T15:34:52.897+0000] {standard_task_runner.py:90} INFO - Running: ['***', 'tasks', 'run', 'sales_pipeline', 'ingest_bronze', 'scheduled__2026-04-22T08:00:00+00:00', '--job-id', '3', '--raw', '--subdir', 'DAGS_FOLDER/sales_pipeline.py', '--cfg-path', '/tmp/tmp272rnyw2']
[2026-04-23T15:34:52.897+0000] {standard_task_runner.py:91} INFO - Job 3: Subtask ingest_bronze
[2026-04-23T15:34:52.917+0000] {task_command.py:426} INFO - Running <TaskInstance: sales_pipeline.ingest_bronze scheduled__2026-04-22T08:00:00+00:00 [running]> on host 22ee544ec42f
[2026-04-23T15:34:52.946+0000] {taskinstance.py:2644} INFO - Exporting env vars: AIRFLOW_CTX_DAG_OWNER='eha-academy' AIRFLOW_CTX_DAG_ID='sales_pipeline' AIRFLOW_CTX_TASK_ID='ingest_bronze' AIRFLOW_CTX_EXECUTION_DATE='2026-04-22T08:00:00+00:00' AIRFLOW_CTX_TRY_NUMBER='1' AIRFLOW_CTX_DAG_RUN_ID='scheduled__2026-04-22T08:00:00+00:00'
[2026-04-23T15:34:52.947+0000] {taskinstance.py:430} INFO - ::endgroup::
[2026-04-23T15:34:52.961+0000] {sales_pipeline.py:36} INFO - Read 2003 rows from /opt/airflow/data/sales.csv
[2026-04-23T15:34:52.966+0000] {logging_mixin.py:188} WARNING - /opt/***/dags/sales_pipeline.py:37 UserWarning: pandas only supports SQLAlchemy connectable (engine/connection) or database string URI or sqlite3 DBAPI2 connection. Other DBAPI2 objects are not tested. Please consider using SQLAlchemy.
[2026-04-23T15:34:52.967+0000] {taskinstance.py:441} INFO - ::group::Post task execution logs
[2026-04-23T15:34:52.967+0000] {taskinstance.py:2890} ERROR - Task failed with exception
Traceback (most recent call last):
  File "/home/airflow/.local/lib/python3.11/site-packages/airflow/models/taskinstance.py", line 465, in _execute_task
    result = _execute_callable(context=context, **execute_callable_kwargs)
             ^^^^^^^^^^^^^^^^^^^^^^^^^^^^^^^^^^^^^^^^^^^^^^^^^^^^^^^^^^^^^
  File "/home/airflow/.local/lib/python3.11/site-packages/airflow/models/taskinstance.py", line 432, in _execute_callable
    return execute_callable(context=context, **execute_callable_kwargs)
           ^^^^^^^^^^^^^^^^^^^^^^^^^^^^^^^^^^^^^^^^^^^^^^^^^^^^^^^^^^^^
  File "/home/airflow/.local/lib/python3.11/site-packages/airflow/models/baseoperator.py", line 400, in wrapper
    return func(self, *args, **kwargs)
           ^^^^^^^^^^^^^^^^^^^^^^^^^^^
  File "/home/airflow/.local/lib/python3.11/site-packages/airflow/operators/python.py", line 235, in execute
    return_value = self.execute_callable()
                   ^^^^^^^^^^^^^^^^^^^^^^^
  File "/home/airflow/.local/lib/python3.11/site-packages/airflow/operators/python.py", line 252, in execute_callable
    return self.python_callable(*self.op_args, **self.op_kwargs)
           ^^^^^^^^^^^^^^^^^^^^^^^^^^^^^^^^^^^^^^^^^^^^^^^^^^^^^
  File "/opt/airflow/dags/sales_pipeline.py", line 37, in ingest_fn
    df.to_sql("bronze_sales", _engine(), if_exists="replace", index=False)
  File "/home/airflow/.local/lib/python3.11/site-packages/pandas/util/_decorators.py", line 333, in wrapper
    return func(*args, **kwargs)
           ^^^^^^^^^^^^^^^^^^^^^
  File "/home/airflow/.local/lib/python3.11/site-packages/pandas/core/generic.py", line 3087, in to_sql
    return sql.to_sql(
           ^^^^^^^^^^^
  File "/home/airflow/.local/lib/python3.11/site-packages/pandas/io/sql.py", line 842, in to_sql
    return pandas_sql.to_sql(
           ^^^^^^^^^^^^^^^^^^
  File "/home/airflow/.local/lib/python3.11/site-packages/pandas/io/sql.py", line 2850, in to_sql
    table.create()
  File "/home/airflow/.local/lib/python3.11/site-packages/pandas/io/sql.py", line 984, in create
    if self.exists():
       ^^^^^^^^^^^^^
  File "/home/airflow/.local/lib/python3.11/site-packages/pandas/io/sql.py", line 970, in exists
    return self.pd_sql.has_table(self.name, self.schema)
           ^^^^^^^^^^^^^^^^^^^^^^^^^^^^^^^^^^^^^^^^^^^^^
  File "/home/airflow/.local/lib/python3.11/site-packages/pandas/io/sql.py", line 2865, in has_table
    return len(self.execute(query, [name]).fetchall()) > 0
               ^^^^^^^^^^^^^^^^^^^^^^^^^^^
  File "/home/airflow/.local/lib/python3.11/site-packages/pandas/io/sql.py", line 2672, in execute
    cur = self.con.cursor()
          ^^^^^^^^^^^^^^^
AttributeError: 'Engine' object has no attribute 'cursor'
[2026-04-23T15:34:52.973+0000] {taskinstance.py:1205} INFO - Marking task as UP_FOR_RETRY. dag_id=sales_pipeline, task_id=ingest_bronze, execution_date=20260422T080000, start_date=20260423T153452, end_date=20260423T153452
[2026-04-23T15:34:52.977+0000] {standard_task_runner.py:110} ERROR - Failed to execute job 3 for task ingest_bronze ('Engine' object has no attribute 'cursor'; 227)
[2026-04-23T15:34:52.995+0000] {local_task_job_runner.py:240} INFO - Task exited with return code 1
[2026-04-23T15:34:53.003+0000] {taskinstance.py:3482} INFO - 0 downstream tasks scheduled from follow-on schedule check
[2026-04-23T15:34:53.004+0000] {local_task_job_runner.py:222} INFO - ::endgroup::
