[2026-04-23T15:59:26.725+0000] {local_task_job_runner.py:120} INFO - ::group::Pre task execution logs
[2026-04-23T15:59:26.736+0000] {taskinstance.py:2073} INFO - Dependencies all met for dep_context=non-requeueable deps ti=<TaskInstance: sales_pipeline.ingest_bronze manual__2026-04-23T15:59:26+00:00 [queued]>
[2026-04-23T15:59:26.738+0000] {taskinstance.py:2073} INFO - Dependencies all met for dep_context=requeueable deps ti=<TaskInstance: sales_pipeline.ingest_bronze manual__2026-04-23T15:59:26+00:00 [queued]>
[2026-04-23T15:59:26.738+0000] {taskinstance.py:2303} INFO - Starting attempt 1 of 2
[2026-04-23T15:59:26.742+0000] {taskinstance.py:2327} INFO - Executing <Task(PythonOperator): ingest_bronze> on 2026-04-23 15:59:26+00:00
[2026-04-23T15:59:26.744+0000] {standard_task_runner.py:63} INFO - Started process 267 to run task
[2026-04-23T15:59:26.745+0000] {standard_task_runner.py:90} INFO - Running: ['***', 'tasks', 'run', 'sales_pipeline', 'ingest_bronze', 'manual__2026-04-23T15:59:26+00:00', '--job-id', '13', '--raw', '--subdir', 'DAGS_FOLDER/sales_pipeline.py', '--cfg-path', '/tmp/tmpn672prrb']
[2026-04-23T15:59:26.746+0000] {standard_task_runner.py:91} INFO - Job 13: Subtask ingest_bronze
[2026-04-23T15:59:26.764+0000] {task_command.py:426} INFO - Running <TaskInstance: sales_pipeline.ingest_bronze manual__2026-04-23T15:59:26+00:00 [running]> on host eedc3df4122c
[2026-04-23T15:59:26.790+0000] {taskinstance.py:2644} INFO - Exporting env vars: AIRFLOW_CTX_DAG_OWNER='eha-academy' AIRFLOW_CTX_DAG_ID='sales_pipeline' AIRFLOW_CTX_TASK_ID='ingest_bronze' AIRFLOW_CTX_EXECUTION_DATE='2026-04-23T15:59:26+00:00' AIRFLOW_CTX_TRY_NUMBER='1' AIRFLOW_CTX_DAG_RUN_ID='manual__2026-04-23T15:59:26+00:00'
[2026-04-23T15:59:26.791+0000] {taskinstance.py:430} INFO - ::endgroup::
[2026-04-23T15:59:26.805+0000] {sales_pipeline.py:31} INFO - Read 2003 rows from /opt/airflow/data/sales.csv
[2026-04-23T15:59:26.807+0000] {taskinstance.py:441} INFO - ::group::Post task execution logs
[2026-04-23T15:59:26.808+0000] {taskinstance.py:2890} ERROR - Task failed with exception
Traceback (most recent call last):
  File "/home/airflow/.local/lib/python3.11/site-packages/airflow/models/taskinstance.py", line 465, in _execute_task
    result = _execute_callable(context=context, **execute_callable_kwargs)
             ^^^^^^^^^^^^^^^^^^^^^^^^^^^^^^^^^^^^^^^^^^^^^^^^^^^^^^^^^^^^^
  File "/home/airflow/.local/lib/python3.11/site-packages/airflow/models/taskinstance.py", line 432, in _execute_callable
    return execute_callable(context=context, **execute_callable_kwargs)
           ^^^^^^^^^^^^^^^^^^^^^^^^^^^^^^^^^^^^^^^^^^^^^^^^^^^^^^^^^^^^
  File "/home/airflow/.local/lib/python3.11/site-packages/airflow/models/baseoperator.py", line 400, in wrapper
    return func(self, *args, **kwargs)
           ^^^^^^^^^^^^^^^^^^^^^^^^^^^
  File "/home/airflow/.local/lib/python3.11/site-packages/airflow/operators/python.py", line 235, in execute
    return_value = self.execute_callable()
                   ^^^^^^^^^^^^^^^^^^^^^^^
  File "/home/airflow/.local/lib/python3.11/site-packages/airflow/operators/python.py", line 252, in execute_callable
    return self.python_callable(*self.op_args, **self.op_kwargs)
           ^^^^^^^^^^^^^^^^^^^^^^^^^^^^^^^^^^^^^^^^^^^^^^^^^^^^^
  File "/opt/airflow/dags/sales_pipeline.py", line 32, in ingest_fn
    df.to_sql("bronze_sales", WAREHOUSE_URL, if_exists="replace", index=False)
  File "/home/airflow/.local/lib/python3.11/site-packages/pandas/util/_decorators.py", line 333, in wrapper
    return func(*args, **kwargs)
           ^^^^^^^^^^^^^^^^^^^^^
  File "/home/airflow/.local/lib/python3.11/site-packages/pandas/core/generic.py", line 3087, in to_sql
    return sql.to_sql(
           ^^^^^^^^^^^
  File "/home/airflow/.local/lib/python3.11/site-packages/pandas/io/sql.py", line 841, in to_sql
    with pandasSQL_builder(con, schema=schema, need_transaction=True) as pandas_sql:
         ^^^^^^^^^^^^^^^^^^^^^^^^^^^^^^^^^^^^^^^^^^^^^^^^^^^^^^^^^^^^
  File "/home/airflow/.local/lib/python3.11/site-packages/pandas/io/sql.py", line 903, in pandasSQL_builder
    raise ImportError("Using URI string without sqlalchemy installed.")
ImportError: Using URI string without sqlalchemy installed.
[2026-04-23T15:59:26.813+0000] {taskinstance.py:1205} INFO - Marking task as UP_FOR_RETRY. dag_id=sales_pipeline, task_id=ingest_bronze, execution_date=20260423T155926, start_date=20260423T155926, end_date=20260423T155926
[2026-04-23T15:59:26.816+0000] {standard_task_runner.py:110} ERROR - Failed to execute job 13 for task ingest_bronze (Using URI string without sqlalchemy installed.; 267)
[2026-04-23T15:59:26.844+0000] {local_task_job_runner.py:240} INFO - Task exited with return code 1
[2026-04-23T15:59:26.852+0000] {taskinstance.py:3482} INFO - 0 downstream tasks scheduled from follow-on schedule check
[2026-04-23T15:59:26.853+0000] {local_task_job_runner.py:222} INFO - ::endgroup::
