[2026-04-23T17:07:00.616+0000] {local_task_job_runner.py:120} INFO - ::group::Pre task execution logs
[2026-04-23T17:07:00.626+0000] {taskinstance.py:2073} INFO - Dependencies all met for dep_context=non-requeueable deps ti=<TaskInstance: sales_pipeline.aggregate_gold manual__2026-04-23T17:06:57+00:00 [queued]>
[2026-04-23T17:07:00.629+0000] {taskinstance.py:2073} INFO - Dependencies all met for dep_context=requeueable deps ti=<TaskInstance: sales_pipeline.aggregate_gold manual__2026-04-23T17:06:57+00:00 [queued]>
[2026-04-23T17:07:00.629+0000] {taskinstance.py:2303} INFO - Starting attempt 1 of 2
[2026-04-23T17:07:00.632+0000] {taskinstance.py:2327} INFO - Executing <Task(PythonOperator): aggregate_gold> on 2026-04-23 17:06:57+00:00
[2026-04-23T17:07:00.637+0000] {standard_task_runner.py:63} INFO - Started process 2663 to run task
[2026-04-23T17:07:00.638+0000] {standard_task_runner.py:90} INFO - Running: ['***', 'tasks', 'run', 'sales_pipeline', 'aggregate_gold', 'manual__2026-04-23T17:06:57+00:00', '--job-id', '46', '--raw', '--subdir', 'DAGS_FOLDER/sales_pipeline.py', '--cfg-path', '/tmp/tmp0a43h5w7']
[2026-04-23T17:07:00.639+0000] {standard_task_runner.py:91} INFO - Job 46: Subtask aggregate_gold
[2026-04-23T17:07:00.657+0000] {task_command.py:426} INFO - Running <TaskInstance: sales_pipeline.aggregate_gold manual__2026-04-23T17:06:57+00:00 [running]> on host 340256e2fc4b
[2026-04-23T17:07:00.686+0000] {taskinstance.py:2644} INFO - Exporting env vars: AIRFLOW_CTX_DAG_OWNER='eha-academy' AIRFLOW_CTX_DAG_ID='sales_pipeline' AIRFLOW_CTX_TASK_ID='aggregate_gold' AIRFLOW_CTX_EXECUTION_DATE='2026-04-23T17:06:57+00:00' AIRFLOW_CTX_TRY_NUMBER='1' AIRFLOW_CTX_DAG_RUN_ID='manual__2026-04-23T17:06:57+00:00'
[2026-04-23T17:07:00.686+0000] {taskinstance.py:430} INFO - ::endgroup::
[2026-04-23T17:07:00.699+0000] {tasks.py:139} INFO - Gold rebuilt: 5 region rows
[2026-04-23T17:07:00.699+0000] {tasks.py:141} INFO -   {'region': 'Central', 'orders': 407, 'units_sold': 4436, 'revenue': Decimal('576698.66'), 'avg_order_value': Decimal('1416.95')}
[2026-04-23T17:07:00.699+0000] {tasks.py:141} INFO -   {'region': 'West', 'orders': 401, 'units_sold': 4301, 'revenue': Decimal('570663.72'), 'avg_order_value': Decimal('1423.10')}
[2026-04-23T17:07:00.699+0000] {tasks.py:141} INFO -   {'region': 'North', 'orders': 403, 'units_sold': 4363, 'revenue': Decimal('555742.22'), 'avg_order_value': Decimal('1379.01')}
[2026-04-23T17:07:00.699+0000] {tasks.py:141} INFO -   {'region': 'East', 'orders': 407, 'units_sold': 4258, 'revenue': Decimal('554393.30'), 'avg_order_value': Decimal('1362.15')}
[2026-04-23T17:07:00.699+0000] {tasks.py:141} INFO -   {'region': 'South', 'orders': 359, 'units_sold': 3788, 'revenue': Decimal('481936.78'), 'avg_order_value': Decimal('1342.44')}
[2026-04-23T17:07:00.699+0000] {python.py:237} INFO - Done. Returned value was: None
[2026-04-23T17:07:00.699+0000] {taskinstance.py:441} INFO - ::group::Post task execution logs
[2026-04-23T17:07:00.703+0000] {taskinstance.py:1205} INFO - Marking task as SUCCESS. dag_id=sales_pipeline, task_id=aggregate_gold, execution_date=20260423T170657, start_date=20260423T170700, end_date=20260423T170700
[2026-04-23T17:07:00.735+0000] {local_task_job_runner.py:240} INFO - Task exited with return code 0
[2026-04-23T17:07:00.743+0000] {taskinstance.py:3482} INFO - 1 downstream tasks scheduled from follow-on schedule check
[2026-04-23T17:07:00.744+0000] {local_task_job_runner.py:222} INFO - ::endgroup::
